Testing gf2 color mapping...
  Loaded output_mulExm_0.mat: shape=(256, 256, 4)
  Loaded output_mulExm_1.mat: shape=(256, 256, 4)
  Loaded output_mulExm_2.mat: shape=(256, 256, 4)
  Loaded output_mulExm_3.mat: shape=(256, 256, 4)
  Loaded output_mulExm_4.mat: shape=(256, 256, 4)
  Combined array shape: (5, 256, 256, 4)
  RGB array shape after conversion: (5, 256, 256, 3)
  Saved test image as gf2_color_test.png
Testing qb color mapping...
  Loaded output_mulExm_0.mat: shape=(256, 256, 4)
  Loaded output_mulExm_1.mat: shape=(256, 256, 4)
  Loaded output_mulExm_2.mat: shape=(256, 256, 4)
  Loaded output_mulExm_3.mat: shape=(256, 256, 4)
  Loaded output_mulExm_4.mat: shape=(256, 256, 4)
  Combined array shape: (5, 256, 256, 4)
  RGB array shape after conversion: (5, 256, 256, 3)
  Saved test image as qb_color_test.png
Testing wv3 color mapping...
  Loaded output_mulExm_0.mat: shape=(256, 256, 8)
  Loaded output_mulExm_1.mat: shape=(256, 256, 8)
  Loaded output_mulExm_2.mat: shape=(256, 256, 8)
  Loaded output_mulExm_3.mat: shape=(256, 256, 8)
  Loaded output_mulExm_4.mat: shape=(256, 256, 8)
  Combined array shape: (5, 256, 256, 8)
  RGB array shape after conversion: (5, 256, 256, 3)
  Saved test image as wv3_color_test.png
Color mapping test completed!
